// Jest Snapshot v1, https://goo.gl/fbAQLP

exports[`UserProfileLast rendered correctly 1`] = `
<div
  className="userProfileParentDiv"
/>
`;
