// Jest Snapshot v1, https://goo.gl/fbAQLP

exports[`renders correctly 1`] = `
<div
  className="mainContainer container-fluid"
>
  <div
    className="container"
  >
    <div
      className="homePageItems row row-cols-xl-4 row-cols-md-3 row-cols-2"
    />
  </div>
</div>
`;
