// Jest Snapshot v1, https://goo.gl/fbAQLP

exports[`matches Received 1`] = `
<div>
  <div />
</div>
`;

exports[`renders boards correctly 1`] = `
<div>
  <div />
</div>
`;
