// Jest Snapshot v1, https://goo.gl/fbAQLP

exports[`CardsBySearch rendered correctly 1`] = `
<div
  className="container"
>
  <div
    className="row cards"
  />
</div>
`;
