// Jest Snapshot v1, https://goo.gl/fbAQLP

exports[`Cards rendered correctly 1`] = `
<div>
  <div>
     
     
     
  </div>
</div>
`;
