// Jest Snapshot v1, https://goo.gl/fbAQLP

exports[`matches snapshot 1`] = `
<div>
  <h2
    className="parag"
  >
    Or would you like to search for yourself ?
  </h2>
  <form
    className="form"
    onSubmit={[Function]}
  >
    <label>
      <input
        className="searchBar"
        name="name"
        onChange={[Function]}
        type="text"
        value=""
      />
    </label>
    <input
      className="submit"
      type="submit"
      value="Submit"
    />
  </form>
  <div
    className="cards"
  />
  <div>
    <div>
      <div
        className="categories"
      >
        <button
          className="oneCategory householdAppliances"
          onClick={[Function]}
        >
          Household Appliances
        </button>
        <button
          className="oneCategory furniture"
          onClick={[Function]}
        >
          Furniture
        </button>
        <button
          className="oneCategory clothes"
          onClick={[Function]}
        >
          Clothes
        </button>
        <button
          className="oneCategory"
          onClick={[Function]}
        >
          All
        </button>
      </div>
    </div>
  </div>
</div>
`;
