// Jest Snapshot v1, https://goo.gl/fbAQLP

exports[`Single Card Page rendered correctly 1`] = `
<div
  className="productCard"
>
  <div>
    <img
      className="productImage"
    />
  </div>
  <div
    className="pruductDetails"
  >
    <h5>
      Product Name
    </h5>
    <p />
    <h5>
      Product Type
    </h5>
    <p />
    <h5>
      Productâ€™s Short Brief
    </h5>
    <p />
    <h5>
      Product Condition
    </h5>
    <p />
    <form
      onSubmit={[Function]}
    >
      <label>
        <h5>
          Why do you need?
        </h5>
        <textarea
          className="message"
          data-gramm_editor="false"
          name="name"
          onChange={[Function]}
          type="message"
          value=""
        />
      </label>
      <br />
      <input
        className="submit"
        type="submit"
        value="Submit"
      />
    </form>
  </div>
</div>
`;
