// Jest Snapshot v1, https://goo.gl/fbAQLP

exports[`DonatersMessagePage rendered correctly 1`] = `
<div
  className="donatersMessageContainer"
>
  <div
    className="mainProductDetails"
  />
  <div
    className="messageArea"
  />
</div>
`;
