// Jest Snapshot v1, https://goo.gl/fbAQLP

exports[`RequestsPage rendered correctly 1`] = `
<div
  className="requstsPageContainer"
/>
`;
